
$ sudo apt install libomp-dev libpcl-dev libeigen3-dev

# build
$ cd ~/catkin_ws/ && catkin_make --only-pkg-with-deps direct_lidar_inertial_odometry
- Optional
    $ sudo apt-get install python3-catkin-tools
    ### catkin: command not found

# run
$ roslaunch direct_lidar_inertial_odometry dlio.launch \
  rviz:=true \
  pointcloud_topic:=/ouster/points \
  imu_topic:=/ouster/imu
$ rosbag play *.bag --clock --topics /ouster/points /ouster/imu

# Can save pcd after the bag play finished
$ rosservice call /robot/dlio_map/save_pcd 0.01 ~/catkin_ws/src/direct_lidar_inertial_odometry/_ysw/PCD/
